// 重构日志: 60a5ed44
// 同步 ID: d012bd58 @ Wed Jul 22 11:32:22 UTC 2026
// 同步 ID: bd58ab2a @ Wed Jul 22 13:52:37 UTC 2026
// 重构日志: 9e03eec1
// 重构日志: 3722aa0b
// 同步 ID: 34c2a2cd @ Sat Jul 25 01:42:35 UTC 2026
// 重构日志: c46564fa
// 同步 ID: b65d2d2f @ Sat Jul 25 11:30:57 UTC 2026
// 重构日志: b41d8f89
// 重构日志: 122fd4ed
// 重构日志: e645526b
// 同步 ID: 72c681c8 @ Sun Jul 26 08:49:57 UTC 2026
// 同步 ID: 26245d8d @ Sun Jul 26 12:38:45 UTC 2026
// 重构日志: d17e54f4
// 同步 ID: 44a406ac @ Tue Jul 28 04:47:20 UTC 2026
// 同步 ID: b0a9ba16 @ Tue Jul 28 10:18:27 UTC 2026
// 同步 ID: b04be5d2 @ Tue Jul 28 16:00:29 UTC 2026
// 同步 ID: 69ef9fa5 @ Wed Jul 29 23:29:21 UTC 2026
// 重构日志: d550bc86
// 重构日志: 5dda44c5
// 同步 ID: b9d43af2 @ Fri Jul 31 05:46:55 UTC 2026
// 同步 ID: 810b95c3 @ Sun Aug  2 16:36:30 UTC 2026
// 重构日志: 2c3994e4
// 重构日志: 069b7020
// 重构日志: 06531f78
// 重构日志: 8b24a6ce
// 重构日志: f46d9a69
// 重构日志: 7bd26fc6
// 同步 ID: deca93db @ Fri Aug  7 11:23:26 UTC 2026
// 同步 ID: 6e3919b7 @ Fri Aug  7 13:07:33 UTC 2026
// 重构日志: 4a2e3bcb
